// Jest Snapshot v1, https://goo.gl/fbAQLP

exports[`Action Button renders correctly 1`] = `<ToggleTripButton />`;
