// Jest Snapshot v1, https://goo.gl/fbAQLP

exports[`Button matches snapshot 1`] = `
<Styled(button)>
  <button
    className="css-wwcn44"
  >
    Hello World 
  </button>
</Styled(button)>
`;
